2025-10-03 14:10:18,536 - INFO - State saved: NAV=$100,000.00
2025-10-03 14:10:18,536 - INFO - ============================================================
2025-10-03 14:10:18,536 - INFO - PRODUCTION LIVE TRADING INITIALIZED
2025-10-03 14:10:18,536 - INFO - ============================================================
2025-10-03 14:10:18,537 - INFO - Starting Capital: $100,000.00
2025-10-03 14:10:18,537 - INFO - Start Date: 2025-10-03
2025-10-03 14:10:18,537 - INFO - Data Directory: data
2025-10-03 14:10:18,537 - INFO - ============================================================
2025-10-03 14:10:28,151 - INFO - Loaded state: NAV=$100,000.00, 0 positions
2025-10-03 14:10:28,152 - INFO - Updating price data...
2025-10-03 14:10:28,788 - INFO - Last date in data: 2025-09-19
2025-10-03 14:10:28,927 - INFO - Updating 503 tickers...
2025-10-03 14:10:28,928 - INFO - Downloading 2025-09-20 to 2025-10-03
2025-10-03 14:10:28,929 - INFO - Batch 1/11
2025-10-03 14:10:31,071 - ERROR - HTTP Error 404: {"quoteSummary":{"result":null,"error":{"code":"Not Found","description":"Quote not found for symbol: D US EQUITY"}}}
2025-10-03 14:10:31,121 - ERROR - HTTP Error 404: {"quoteSummary":{"result":null,"error":{"code":"Not Found","description":"Quote not found for symbol: CDNS US EQUITY"}}}
2025-10-03 14:10:34,018 - ERROR - 
50 Failed downloads:
2025-10-03 14:10:34,018 - ERROR - ['ERIE US EQUITY', 'EQR US EQUITY', 'CVX US EQUITY', 'DIS US EQUITY', 'DUK US EQUITY', 'DLTR US EQUITY', 'EVRG US EQUITY', 'ACGL US EQUITY', 'ALB US EQUITY', 'AMGN US EQUITY', 'DTE US EQUITY', 'ALL US EQUITY', 'EXC US EQUITY', 'CHD US EQUITY', 'EOG US EQUITY', 'ES US EQUITY', 'DHI US EQUITY', 'DHR US EQUITY', 'CTAS US EQUITY', 'CVS US EQUITY', 'D US EQUITY', 'CDNS US EQUITY', 'DRI US EQUITY', 'CNP US EQUITY', 'ADBE US EQUITY', 'EMR US EQUITY', 'DE US EQUITY', 'CSCO US EQUITY', 'AJG US EQUITY', 'CCL US EQUITY', 'COO US EQUITY', 'CMI US EQUITY', 'DOC US EQUITY', 'DOV US EQUITY', 'AAPL US EQUITY', 'DECK US EQUITY', 'AMAT US EQUITY', 'COF US EQUITY', 'CMS US EQUITY', 'CSX US EQUITY', 'AMD US EQUITY', 'ABT US EQUITY', 'ETR US EQUITY', 'AIG US EQUITY', 'DVA US EQUITY', 'ESS US EQUITY', 'DD US EQUITY', 'ETN US EQUITY', 'CTRA US EQUITY', 'EQT US EQUITY']: YFTzMissingError('possibly delisted; no timezone found')
2025-10-03 14:10:34,031 - INFO - Batch 2/11
2025-10-03 14:10:39,202 - ERROR - Failed to get ticker 'BF/B US EQUITY' reason: Expecting value: line 1 column 1 (char 0)
2025-10-03 14:10:39,210 - ERROR - 
50 Failed downloads:
2025-10-03 14:10:39,210 - ERROR - ['BMY US EQUITY', 'AES US EQUITY', 'BAC US EQUITY', 'CPT US EQUITY', 'EL US EQUITY', 'ED US EQUITY', 'BAX US EQUITY', 'CI US EQUITY', 'EG US EQUITY', 'C US EQUITY', 'BIIB US EQUITY', 'CLX US EQUITY', 'COP US EQUITY', 'EA US EQUITY', 'BDX US EQUITY', 'ADM US EQUITY', 'EME US EQUITY', 'AEP US EQUITY', 'AOS US EQUITY', 'BBY US EQUITY', 'ADP US EQUITY', 'COST US EQUITY', 'CAG US EQUITY', 'EFX US EQUITY', 'ECL US EQUITY', 'DVN US EQUITY', 'BEN US EQUITY', 'ADI US EQUITY', 'CINF US EQUITY', 'CPB US EQUITY', 'COR US EQUITY', 'CAH US EQUITY', 'AON US EQUITY', 'BRO US EQUITY', 'CL US EQUITY', 'ADSK US EQUITY', 'BKR US EQUITY', 'CPRT US EQUITY', 'AXP US EQUITY', 'BALL US EQUITY', 'AFL US EQUITY', 'APA US EQUITY', 'BSX US EQUITY', 'CMCSA US EQUITY', 'EIX US EQUITY', 'AZO US EQUITY', 'BA US EQUITY', 'BK US EQUITY', 'APD US EQUITY', 'BF/B US EQUITY']: YFTzMissingError('possibly delisted; no timezone found')
2025-10-03 14:10:39,228 - INFO - Batch 3/11
2025-10-03 14:10:43,996 - ERROR - 
50 Failed downloads:
2025-10-03 14:10:43,996 - ERROR - ['ATO US EQUITY', 'HRL US EQUITY', 'LRCX US EQUITY', 'HST US EQUITY', 'ITW US EQUITY', 'GL US EQUITY', 'MSFT US EQUITY', 'L US EQUITY', 'EMN US EQUITY', 'MMC US EQUITY', 'EXPD US EQUITY', 'MGM US EQUITY', 'MKC US EQUITY', 'GE US EQUITY', 'CB US EQUITY', 'HAL US EQUITY', 'KO US EQUITY', 'O US EQUITY', 'LEN US EQUITY', 'CAT US EQUITY', 'J US EQUITY', 'HON US EQUITY', 'LUV US EQUITY', 'MDT US EQUITY', 'GLW US EQUITY', 'MTB US EQUITY', 'HSIC US EQUITY', 'FCX US EQUITY', 'GIS US EQUITY', 'MSI US EQUITY', 'MS US EQUITY', 'NVR US EQUITY', 'IVZ US EQUITY', 'GEN US EQUITY', 'FAST US EQUITY', 'KR US EQUITY', 'AVB US EQUITY', 'GWW US EQUITY', 'AVY US EQUITY', 'FRT US EQUITY', 'GILD US EQUITY', 'HPQ US EQUITY', 'ODFL US EQUITY', 'MHK US EQUITY', 'HOLX US EQUITY', 'MLM US EQUITY', 'GPC US EQUITY', 'IT US EQUITY', 'F US EQUITY', 'GD US EQUITY']: YFTzMissingError('possibly delisted; no timezone found')
2025-10-03 14:10:44,004 - INFO - Batch 4/11
2025-10-03 14:10:49,134 - ERROR - 
50 Failed downloads:
2025-10-03 14:10:49,134 - ERROR - ['IDXX US EQUITY', 'FI US EQUITY', 'NTRS US EQUITY', 'MU US EQUITY', 'LHX US EQUITY', 'IEX US EQUITY', 'NEM US EQUITY', 'LOW US EQUITY', 'IP US EQUITY', 'FICO US EQUITY', 'INTC US EQUITY', 'MCD US EQUITY', 'NTAP US EQUITY', 'INCY US EQUITY', 'MAS US EQUITY', 'LMT US EQUITY', 'HBAN US EQUITY', 'NEE US EQUITY', 'MMM US EQUITY', 'NI US EQUITY', 'MRK US EQUITY', 'LIN US EQUITY', 'HAS US EQUITY', 'JBHT US EQUITY', 'LLY US EQUITY', 'HSY US EQUITY', 'MO US EQUITY', 'MOS US EQUITY', 'IFF US EQUITY', 'NKE US EQUITY', 'INTU US EQUITY', 'JBL US EQUITY', 'NUE US EQUITY', 'LH US EQUITY', 'IPG US EQUITY', 'HUBB US EQUITY', 'NSC US EQUITY', 'IBM US EQUITY', 'FITB US EQUITY', 'MAA US EQUITY', 'HUM US EQUITY', 'HD US EQUITY', 'LNT US EQUITY', 'MCHP US EQUITY', 'NOC US EQUITY', 'FDX US EQUITY', 'MNST US EQUITY', 'MCK US EQUITY', 'NDSN US EQUITY', 'HIG US EQUITY']: YFTzMissingError('possibly delisted; no timezone found')
2025-10-03 14:10:49,147 - INFO - Batch 5/11
2025-10-03 14:10:53,849 - ERROR - 
50 Failed downloads:
2025-10-03 14:10:53,849 - ERROR - ['TXT US EQUITY', 'KMB US EQUITY', 'WELL US EQUITY', 'PEP US EQUITY', 'TAP US EQUITY', 'WAB US EQUITY', 'SWKS US EQUITY', 'VTR US EQUITY', 'K US EQUITY', 'PTC US EQUITY', 'VZ US EQUITY', 'PCG US EQUITY', 'WAT US EQUITY', 'WFC US EQUITY', 'JNJ US EQUITY', 'WDC US EQUITY', 'WEC US EQUITY', 'TPL US EQUITY', 'JCI US EQUITY', 'XEL US EQUITY', 'KIM US EQUITY', 'UDR US EQUITY', 'UNH US EQUITY', 'KEY US EQUITY', 'PEG US EQUITY', 'QCOM US EQUITY', 'JKHY US EQUITY', 'TYL US EQUITY', 'TRMB US EQUITY', 'SYK US EQUITY', 'PAYX US EQUITY', 'SYY US EQUITY', 'TROW US EQUITY', 'VRTX US EQUITY', 'UHS US EQUITY', 'TMO US EQUITY', 'SWK US EQUITY', 'T US EQUITY', 'PCAR US EQUITY', 'ZBRA US EQUITY', 'RCL US EQUITY', 'VTRS US EQUITY', 'USB US EQUITY', 'KLAC US EQUITY', 'XOM US EQUITY', 'PFE US EQUITY', 'UNP US EQUITY', 'VMC US EQUITY', 'PSA US EQUITY', 'JPM US EQUITY']: YFTzMissingError('possibly delisted; no timezone found')
2025-10-03 14:10:53,859 - INFO - Batch 6/11
2025-10-03 14:10:59,045 - ERROR - 
50 Failed downloads:
2025-10-03 14:10:59,045 - ERROR - ['WST US EQUITY', 'PPL US EQUITY', 'SLB US EQUITY', 'TSCO US EQUITY', 'SJM US EQUITY', 'TECH US EQUITY', 'STZ US EQUITY', 'PNR US EQUITY', 'REGN US EQUITY', 'PG US EQUITY', 'SHW US EQUITY', 'REG US EQUITY', 'STE US EQUITY', 'PH US EQUITY', 'ROP US EQUITY', 'WRB US EQUITY', 'WM US EQUITY', 'TT US EQUITY', 'ORCL US EQUITY', 'OXY US EQUITY', 'TSN US EQUITY', 'WY US EQUITY', 'OKE US EQUITY', 'RF US EQUITY', 'PNC US EQUITY', 'TRV US EQUITY', 'PGR US EQUITY', 'TXN US EQUITY', 'TGT US EQUITY', 'POOL US EQUITY', 'WSM US EQUITY', 'SPGI US EQUITY', 'STT US EQUITY', 'OMC US EQUITY', 'RMD US EQUITY', 'WMT US EQUITY', 'SNA US EQUITY', 'TJX US EQUITY', 'RJF US EQUITY', 'SO US EQUITY', 'PHM US EQUITY', 'TFC US EQUITY', 'SNPS US EQUITY', 'WMB US EQUITY', 'ROL US EQUITY', 'PPG US EQUITY', 'ORLY US EQUITY', 'SPG US EQUITY', 'PNW US EQUITY', 'TER US EQUITY']: YFTzMissingError('possibly delisted; no timezone found')
2025-10-03 14:10:59,053 - INFO - Batch 7/11
2025-10-03 14:11:01,973 - ERROR - Failed to get ticker 'BRK/B US EQUITY' reason: Expecting value: line 1 column 1 (char 0)
2025-10-03 14:11:03,871 - ERROR - 
50 Failed downloads:
2025-10-03 14:11:03,871 - ERROR - ['AKAM US EQUITY', 'RSG US EQUITY', 'VLO US EQUITY', 'RVTY US EQUITY', 'SBUX US EQUITY', 'EBAY US EQUITY', 'BLK US EQUITY', 'A US EQUITY', 'CSGP US EQUITY', 'AEE US EQUITY', 'TTWO US EQUITY', 'MAR US EQUITY', 'CHRW US EQUITY', 'CTSH US EQUITY', 'APH US EQUITY', 'RL US EQUITY', 'GS US EQUITY', 'KMX US EQUITY', 'UPS US EQUITY', 'NVDA US EQUITY', 'FFIV US EQUITY', 'DGX US EQUITY', 'TDY US EQUITY', 'SCHW US EQUITY', 'SBAC US EQUITY', 'FDS US EQUITY', 'ROST US EQUITY', 'URI US EQUITY', 'BKNG US EQUITY', 'AMT US EQUITY', 'YUM US EQUITY', 'TKO US EQUITY', 'LII US EQUITY', 'MCO US EQUITY', 'AME US EQUITY', 'BRK/B US EQUITY', 'SRE US EQUITY', 'RTX US EQUITY', 'IRM US EQUITY', 'BXP US EQUITY', 'AMZN US EQUITY', 'MTD US EQUITY', 'ROK US EQUITY', 'CCI US EQUITY', 'PWR US EQUITY', 'FE US EQUITY', 'VRSN US EQUITY', 'PLD US EQUITY', 'ARE US EQUITY', 'STLD US EQUITY']: YFTzMissingError('possibly delisted; no timezone found')
2025-10-03 14:11:03,879 - INFO - Batch 8/11
2025-10-03 14:11:08,983 - ERROR - 
50 Failed downloads:
2025-10-03 14:11:08,983 - ERROR - ['WYNN US EQUITY', 'DLR US EQUITY', 'GRMN US EQUITY', 'FSLR US EQUITY', 'CME US EQUITY', 'NFLX US EQUITY', 'MET US EQUITY', 'ICE US EQUITY', 'AMP US EQUITY', 'LDOS US EQUITY', 'GPN US EQUITY', 'CRL US EQUITY', 'LYV US EQUITY', 'PFG US EQUITY', 'PKG US EQUITY', 'ISRG US EQUITY', 'CMG US EQUITY', 'MA US EQUITY', 'EQIX US EQUITY', 'GOOGL US EQUITY', 'CF US EQUITY', 'DXCM US EQUITY', 'TPR US EQUITY', 'ZBH US EQUITY', 'MPWR US EQUITY', 'ON US EQUITY', 'AIZ US EQUITY', 'STX US EQUITY', 'ALGN US EQUITY', 'ACN US EQUITY', 'MOH US EQUITY', 'WTW US EQUITY', 'LKQ US EQUITY', 'FIS US EQUITY', 'AXON US EQUITY', 'CNC US EQUITY', 'NDAQ US EQUITY', 'EXPE US EQUITY', 'ELV US EQUITY', 'BLDR US EQUITY', 'PRU US EQUITY', 'EW US EQUITY', 'NRG US EQUITY', 'MDLZ US EQUITY', 'CRM US EQUITY', 'BG US EQUITY', 'LVS US EQUITY', 'EXR US EQUITY', 'CBRE US EQUITY', 'DPZ US EQUITY']: YFTzMissingError('possibly delisted; no timezone found')
2025-10-03 14:11:08,992 - INFO - Batch 9/11
2025-10-03 14:11:13,826 - ERROR - 
50 Failed downloads:
2025-10-03 14:11:13,826 - ERROR - ['CPAY US EQUITY', 'KMI US EQUITY', 'IBKR US EQUITY', 'TDG US EQUITY', 'CHTR US EQUITY', 'FANG US EQUITY', 'NOW US EQUITY', 'WDAY US EQUITY', 'APO US EQUITY', 'EPAM US EQUITY', 'KDP US EQUITY', 'TEL US EQUITY', 'NWSA US EQUITY', 'HCA US EQUITY', 'CDW US EQUITY', 'PM US EQUITY', 'HII US EQUITY', 'TMUS US EQUITY', 'ABBV US EQUITY', 'ULTA US EQUITY', 'CBOE UF EQUITY', 'UAL US EQUITY', 'NWS US EQUITY', 'TSLA US EQUITY', 'GM US EQUITY', 'V US EQUITY', 'MPC US EQUITY', 'VRSK US EQUITY', 'NXPI US EQUITY', 'XYL US EQUITY', 'ALLE US EQUITY', 'APTV US EQUITY', 'PODD US EQUITY', 'AWK US EQUITY', 'SMCI US EQUITY', 'META US EQUITY', 'KKR US EQUITY', 'PANW US EQUITY', 'TRGP US EQUITY', 'DAL US EQUITY', 'LULU US EQUITY', 'GNRC US EQUITY', 'FTNT US EQUITY', 'DG US EQUITY', 'BX US EQUITY', 'MSCI US EQUITY', 'BR US EQUITY', 'LYB US EQUITY', 'AVGO US EQUITY', 'PSX US EQUITY']: YFTzMissingError('possibly delisted; no timezone found')
2025-10-03 14:11:13,838 - INFO - Batch 10/11
2025-10-03 14:11:18,919 - ERROR - 
50 Failed downloads:
2025-10-03 14:11:18,919 - ERROR - ['OTIS US EQUITY', 'CFG US EQUITY', 'EXE US EQUITY', 'PLTR US EQUITY', 'KHC US EQUITY', 'FTV US EQUITY', 'MRNA US EQUITY', 'VICI US EQUITY', 'INVH US EQUITY', 'HWM US EQUITY', 'MTCH US EQUITY', 'CTVA US EQUITY', 'VST US EQUITY', 'GDDY US EQUITY', 'NCLH US EQUITY', 'GEHC US EQUITY', 'WBD US EQUITY', 'GOOG US EQUITY', 'PYPL US EQUITY', 'DAY US EQUITY', 'ZTS US EQUITY', 'XYZ US EQUITY', 'PAYC US EQUITY', 'CRWD US EQUITY', 'GEV US EQUITY', 'SYF US EQUITY', 'FOXA US EQUITY', 'UBER US EQUITY', 'DELL US EQUITY', 'DOW US EQUITY', 'FOX US EQUITY', 'VLTO US EQUITY', 'IR US EQUITY', 'DDOG US EQUITY', 'ABNB US EQUITY', 'AMCR US EQUITY', 'APP US EQUITY', 'COIN US EQUITY', 'HLT US EQUITY', 'TTD US EQUITY', 'KEYS US EQUITY', 'ANET US EQUITY', 'HOOD US EQUITY', 'CEG US EQUITY', 'DASH US EQUITY', 'HPE US EQUITY', 'CARR US EQUITY', 'LW US EQUITY', 'IQV US EQUITY', 'KVUE US EQUITY']: YFTzMissingError('possibly delisted; no timezone found')
2025-10-03 14:11:18,927 - INFO - Batch 11/11
2025-10-03 14:11:19,795 - ERROR - 
3 Failed downloads:
2025-10-03 14:11:19,795 - ERROR - ['SOLV US EQUITY', 'SW US EQUITY', 'PSKY US EQUITY']: YFTzMissingError('possibly delisted; no timezone found')
2025-10-03 14:11:19,798 - WARNING - No new data downloaded
2025-10-03 14:11:30,706 - INFO - Loaded state: NAV=$100,000.00, 0 positions
2025-10-03 14:11:30,707 - INFO - ======================================================================
2025-10-03 14:11:30,707 - INFO - MONTHLY REBALANCE: 2025-10-03
2025-10-03 14:11:30,707 - INFO - ======================================================================
2025-10-03 14:11:30,707 - INFO - Generating signals from strategy_core...
2025-10-03 14:11:35,129 - INFO - Fetching current prices...
2025-10-03 14:11:39,431 - INFO - Current NAV: $100,000.00
2025-10-03 14:11:39,431 - INFO - 
Target Portfolio:
2025-10-03 14:11:39,432 - INFO -   Total exposure: 100.0%
2025-10-03 14:11:39,432 - INFO -   Number of positions: 55
2025-10-03 14:11:39,432 - INFO -   Top 5 holdings:
2025-10-03 14:11:39,432 - INFO -     WELL US Equity: 3.53%
2025-10-03 14:11:39,433 - INFO -     MO US Equity: 3.04%
2025-10-03 14:11:39,433 - INFO -     ETR US Equity: 2.89%
2025-10-03 14:11:39,433 - INFO -     VTR US Equity: 2.85%
2025-10-03 14:11:39,433 - INFO -     WMB US Equity: 2.62%
2025-10-03 14:11:39,433 - INFO - 
Trade Summary:
2025-10-03 14:11:39,433 - INFO -   Buys: 55
2025-10-03 14:11:39,433 - INFO -   Sells: 0
2025-10-03 14:11:39,433 - INFO - 
Executing 55 trades...
2025-10-03 14:11:39,434 - INFO -   Bought: $93,823.99
2025-10-03 14:11:39,434 - INFO -   Sold: $0.00
2025-10-03 14:11:39,435 - INFO -   Cash: $6,176.01
2025-10-03 14:11:39,435 - INFO -   Positions: 55
2025-10-03 14:11:44,939 - INFO - State saved: NAV=$100,007.81
2025-10-03 14:11:44,939 - INFO - ======================================================================
2025-10-03 14:11:47,670 - INFO - Rebalance complete. NAV: $100,008.94
2025-10-03 14:11:47,670 - INFO - ======================================================================
2025-10-03 14:12:44,435 - INFO - Loaded state: NAV=$100,007.81, 55 positions
2025-10-03 14:19:09,079 - INFO - Loaded state: NAV=$100,007.81, 55 positions
